<?xml version="1.0" encoding="utf-8"?>
<TestRun id="9c8c86f0-119b-46b8-8fb7-c8d03770f41b" name="Awas@DESKTOP-9GNKN5J 2023-10-27 12:48:02" runUser="DESKTOP-9GNKN5J\Awas" xmlns="http://microsoft.com/schemas/VisualStudio/TeamTest/2010">
  <Times creation="2023-10-27T12:48:02.1080262+07:00" queuing="2023-10-27T12:48:02.1080265+07:00" start="2023-10-27T12:47:54.3258380+07:00" finish="2023-10-27T12:48:37.5625015+07:00" />
  <TestSettings name="default" id="fd4cdca8-ce37-4139-9192-e0103299d43e">
    <Deployment runDeploymentRoot="Awas_DESKTOP-9GNKN5J_2023-10-27_12_48_02" />
  </TestSettings>
  <Results>
    <UnitTestResult executionId="bb816932-3fd4-45b8-a781-dde6b34bce4a" testId="6c29ccc9-ffa2-61c5-d17c-6353af650206" testName="XtramileTest.TestRunner.TestRunner.TestDatabaseFilter" computerName="DESKTOP-9GNKN5J" duration="00:00:03.0982770" startTime="2023-10-27T12:48:33.2448062+07:00" endTime="2023-10-27T12:48:33.2448064+07:00" testType="13cdc9d9-ddb5-4fa4-a97d-d965ccfc6d4b" outcome="Passed" testListId="8c84fa94-04c1-424b-9868-57a2d4851a1d" relativeResultsDirectory="bb816932-3fd4-45b8-a781-dde6b34bce4a" />
    <UnitTestResult executionId="4b6b30af-b948-48f1-9190-653ef1e36625" testId="63a1fc68-8ae1-4c89-a205-70691b45bb22" testName="XtramileTest.TestRunner.TestRunner.TestDatabasePagination" computerName="DESKTOP-9GNKN5J" duration="00:00:06.4189098" startTime="2023-10-27T12:48:08.4988344+07:00" endTime="2023-10-27T12:48:08.4988346+07:00" testType="13cdc9d9-ddb5-4fa4-a97d-d965ccfc6d4b" outcome="Passed" testListId="8c84fa94-04c1-424b-9868-57a2d4851a1d" relativeResultsDirectory="4b6b30af-b948-48f1-9190-653ef1e36625" />
    <UnitTestResult executionId="618d034f-e3db-4c95-98f6-9b500a3dc311" testId="46fd10fc-b58b-d645-e0f1-ea2759fb40f0" testName="XtramileTest.TestRunner.TestRunner.TestJSPrompt" computerName="DESKTOP-9GNKN5J" duration="00:00:05.5697464" startTime="2023-10-27T12:48:02.0801691+07:00" endTime="2023-10-27T12:48:02.0801900+07:00" testType="13cdc9d9-ddb5-4fa4-a97d-d965ccfc6d4b" outcome="Passed" testListId="8c84fa94-04c1-424b-9868-57a2d4851a1d" relativeResultsDirectory="618d034f-e3db-4c95-98f6-9b500a3dc311" />
    <UnitTestResult executionId="1a0cc421-c50e-462a-9713-74e0059e6bf5" testId="be74e9b1-d2eb-830f-a3ea-9d7edf2cbd7a" testName="XtramileTest.TestRunner.TestRunner.TestDatabaseEdit" computerName="DESKTOP-9GNKN5J" duration="00:00:04.9153746" startTime="2023-10-27T12:48:24.4758012+07:00" endTime="2023-10-27T12:48:24.4758014+07:00" testType="13cdc9d9-ddb5-4fa4-a97d-d965ccfc6d4b" outcome="Passed" testListId="8c84fa94-04c1-424b-9868-57a2d4851a1d" relativeResultsDirectory="1a0cc421-c50e-462a-9713-74e0059e6bf5" />
    <UnitTestResult executionId="549f9d0c-e169-436a-9887-9a44bc58fb6b" testId="6b878a41-b745-286d-3430-de36d53628d0" testName="XtramileTest.TestRunner.TestRunner.TestDatabaseDelete" computerName="DESKTOP-9GNKN5J" duration="00:00:05.4525662" startTime="2023-10-27T12:48:13.9514920+07:00" endTime="2023-10-27T12:48:13.9514922+07:00" testType="13cdc9d9-ddb5-4fa4-a97d-d965ccfc6d4b" outcome="Passed" testListId="8c84fa94-04c1-424b-9868-57a2d4851a1d" relativeResultsDirectory="549f9d0c-e169-436a-9887-9a44bc58fb6b" />
    <UnitTestResult executionId="0bd3c175-d0b4-4430-b229-cd27b12c9991" testId="f1c0e67d-21b2-8efa-74b5-ded75dd4e8d6" testName="XtramileTest.TestRunner.TestRunner.TestJSConfirm" computerName="DESKTOP-9GNKN5J" duration="00:00:05.6086606" startTime="2023-10-27T12:48:19.5602938+07:00" endTime="2023-10-27T12:48:19.5602940+07:00" testType="13cdc9d9-ddb5-4fa4-a97d-d965ccfc6d4b" outcome="Passed" testListId="8c84fa94-04c1-424b-9868-57a2d4851a1d" relativeResultsDirectory="0bd3c175-d0b4-4430-b229-cd27b12c9991" />
    <UnitTestResult executionId="f6b2b4c9-3e31-4c43-9391-4de296d70d3e" testId="0d1b4140-1daf-ec79-211e-21cef64bd066" testName="XtramileTest.TestRunner.TestRunner.TestJSAlert" computerName="DESKTOP-9GNKN5J" duration="00:00:05.6704820" startTime="2023-10-27T12:48:30.1464174+07:00" endTime="2023-10-27T12:48:30.1464176+07:00" testType="13cdc9d9-ddb5-4fa4-a97d-d965ccfc6d4b" outcome="Passed" testListId="8c84fa94-04c1-424b-9868-57a2d4851a1d" relativeResultsDirectory="f6b2b4c9-3e31-4c43-9391-4de296d70d3e" />
    <UnitTestResult executionId="a0e286cb-43ba-4107-8073-d0f645dfb30f" testId="a3346fbe-5256-ebf6-2f75-38977decaeb3" testName="XtramileTest.TestRunner.TestRunner.TestDatabaseAdd" computerName="DESKTOP-9GNKN5J" duration="00:00:04.2599788" startTime="2023-10-27T12:48:37.5049103+07:00" endTime="2023-10-27T12:48:37.5049105+07:00" testType="13cdc9d9-ddb5-4fa4-a97d-d965ccfc6d4b" outcome="Passed" testListId="8c84fa94-04c1-424b-9868-57a2d4851a1d" relativeResultsDirectory="a0e286cb-43ba-4107-8073-d0f645dfb30f" />
  </Results>
  <TestDefinitions>
    <UnitTest name="XtramileTest.TestRunner.TestRunner.TestDatabaseFilter" storage="i:\2023_october\xtramile\october2023test\xtramiletest\bin\debug\netcoreapp6.0\xtramiletest.dll" id="6c29ccc9-ffa2-61c5-d17c-6353af650206">
      <Execution id="bb816932-3fd4-45b8-a781-dde6b34bce4a" />
      <TestMethod codeBase="I:\2023_October\Xtramile\October2023Test\XtramileTest\bin\Debug\netcoreapp6.0\XtramileTest.dll" adapterTypeName="executor://xunit/VsTestRunner2/netcoreapp" className="XtramileTest.TestRunner.TestRunner" name="TestDatabaseFilter" />
    </UnitTest>
    <UnitTest name="XtramileTest.TestRunner.TestRunner.TestJSConfirm" storage="i:\2023_october\xtramile\october2023test\xtramiletest\bin\debug\netcoreapp6.0\xtramiletest.dll" id="f1c0e67d-21b2-8efa-74b5-ded75dd4e8d6">
      <Execution id="0bd3c175-d0b4-4430-b229-cd27b12c9991" />
      <TestMethod codeBase="I:\2023_October\Xtramile\October2023Test\XtramileTest\bin\Debug\netcoreapp6.0\XtramileTest.dll" adapterTypeName="executor://xunit/VsTestRunner2/netcoreapp" className="XtramileTest.TestRunner.TestRunner" name="TestJSConfirm" />
    </UnitTest>
    <UnitTest name="XtramileTest.TestRunner.TestRunner.TestJSAlert" storage="i:\2023_october\xtramile\october2023test\xtramiletest\bin\debug\netcoreapp6.0\xtramiletest.dll" id="0d1b4140-1daf-ec79-211e-21cef64bd066">
      <Execution id="f6b2b4c9-3e31-4c43-9391-4de296d70d3e" />
      <TestMethod codeBase="I:\2023_October\Xtramile\October2023Test\XtramileTest\bin\Debug\netcoreapp6.0\XtramileTest.dll" adapterTypeName="executor://xunit/VsTestRunner2/netcoreapp" className="XtramileTest.TestRunner.TestRunner" name="TestJSAlert" />
    </UnitTest>
    <UnitTest name="XtramileTest.TestRunner.TestRunner.TestDatabaseAdd" storage="i:\2023_october\xtramile\october2023test\xtramiletest\bin\debug\netcoreapp6.0\xtramiletest.dll" id="a3346fbe-5256-ebf6-2f75-38977decaeb3">
      <Execution id="a0e286cb-43ba-4107-8073-d0f645dfb30f" />
      <TestMethod codeBase="I:\2023_October\Xtramile\October2023Test\XtramileTest\bin\Debug\netcoreapp6.0\XtramileTest.dll" adapterTypeName="executor://xunit/VsTestRunner2/netcoreapp" className="XtramileTest.TestRunner.TestRunner" name="TestDatabaseAdd" />
    </UnitTest>
    <UnitTest name="XtramileTest.TestRunner.TestRunner.TestDatabaseDelete" storage="i:\2023_october\xtramile\october2023test\xtramiletest\bin\debug\netcoreapp6.0\xtramiletest.dll" id="6b878a41-b745-286d-3430-de36d53628d0">
      <Execution id="549f9d0c-e169-436a-9887-9a44bc58fb6b" />
      <TestMethod codeBase="I:\2023_October\Xtramile\October2023Test\XtramileTest\bin\Debug\netcoreapp6.0\XtramileTest.dll" adapterTypeName="executor://xunit/VsTestRunner2/netcoreapp" className="XtramileTest.TestRunner.TestRunner" name="TestDatabaseDelete" />
    </UnitTest>
    <UnitTest name="XtramileTest.TestRunner.TestRunner.TestJSPrompt" storage="i:\2023_october\xtramile\october2023test\xtramiletest\bin\debug\netcoreapp6.0\xtramiletest.dll" id="46fd10fc-b58b-d645-e0f1-ea2759fb40f0">
      <Execution id="618d034f-e3db-4c95-98f6-9b500a3dc311" />
      <TestMethod codeBase="I:\2023_October\Xtramile\October2023Test\XtramileTest\bin\Debug\netcoreapp6.0\XtramileTest.dll" adapterTypeName="executor://xunit/VsTestRunner2/netcoreapp" className="XtramileTest.TestRunner.TestRunner" name="TestJSPrompt" />
    </UnitTest>
    <UnitTest name="XtramileTest.TestRunner.TestRunner.TestDatabasePagination" storage="i:\2023_october\xtramile\october2023test\xtramiletest\bin\debug\netcoreapp6.0\xtramiletest.dll" id="63a1fc68-8ae1-4c89-a205-70691b45bb22">
      <Execution id="4b6b30af-b948-48f1-9190-653ef1e36625" />
      <TestMethod codeBase="I:\2023_October\Xtramile\October2023Test\XtramileTest\bin\Debug\netcoreapp6.0\XtramileTest.dll" adapterTypeName="executor://xunit/VsTestRunner2/netcoreapp" className="XtramileTest.TestRunner.TestRunner" name="TestDatabasePagination" />
    </UnitTest>
    <UnitTest name="XtramileTest.TestRunner.TestRunner.TestDatabaseEdit" storage="i:\2023_october\xtramile\october2023test\xtramiletest\bin\debug\netcoreapp6.0\xtramiletest.dll" id="be74e9b1-d2eb-830f-a3ea-9d7edf2cbd7a">
      <Execution id="1a0cc421-c50e-462a-9713-74e0059e6bf5" />
      <TestMethod codeBase="I:\2023_October\Xtramile\October2023Test\XtramileTest\bin\Debug\netcoreapp6.0\XtramileTest.dll" adapterTypeName="executor://xunit/VsTestRunner2/netcoreapp" className="XtramileTest.TestRunner.TestRunner" name="TestDatabaseEdit" />
    </UnitTest>
  </TestDefinitions>
  <TestEntries>
    <TestEntry testId="6c29ccc9-ffa2-61c5-d17c-6353af650206" executionId="bb816932-3fd4-45b8-a781-dde6b34bce4a" testListId="8c84fa94-04c1-424b-9868-57a2d4851a1d" />
    <TestEntry testId="63a1fc68-8ae1-4c89-a205-70691b45bb22" executionId="4b6b30af-b948-48f1-9190-653ef1e36625" testListId="8c84fa94-04c1-424b-9868-57a2d4851a1d" />
    <TestEntry testId="46fd10fc-b58b-d645-e0f1-ea2759fb40f0" executionId="618d034f-e3db-4c95-98f6-9b500a3dc311" testListId="8c84fa94-04c1-424b-9868-57a2d4851a1d" />
    <TestEntry testId="be74e9b1-d2eb-830f-a3ea-9d7edf2cbd7a" executionId="1a0cc421-c50e-462a-9713-74e0059e6bf5" testListId="8c84fa94-04c1-424b-9868-57a2d4851a1d" />
    <TestEntry testId="6b878a41-b745-286d-3430-de36d53628d0" executionId="549f9d0c-e169-436a-9887-9a44bc58fb6b" testListId="8c84fa94-04c1-424b-9868-57a2d4851a1d" />
    <TestEntry testId="f1c0e67d-21b2-8efa-74b5-ded75dd4e8d6" executionId="0bd3c175-d0b4-4430-b229-cd27b12c9991" testListId="8c84fa94-04c1-424b-9868-57a2d4851a1d" />
    <TestEntry testId="0d1b4140-1daf-ec79-211e-21cef64bd066" executionId="f6b2b4c9-3e31-4c43-9391-4de296d70d3e" testListId="8c84fa94-04c1-424b-9868-57a2d4851a1d" />
    <TestEntry testId="a3346fbe-5256-ebf6-2f75-38977decaeb3" executionId="a0e286cb-43ba-4107-8073-d0f645dfb30f" testListId="8c84fa94-04c1-424b-9868-57a2d4851a1d" />
  </TestEntries>
  <TestLists>
    <TestList name="Results Not in a List" id="8c84fa94-04c1-424b-9868-57a2d4851a1d" />
    <TestList name="All Loaded Results" id="19431567-8539-422a-85d7-44ee4e166bda" />
  </TestLists>
  <ResultSummary outcome="Completed">
    <Counters total="8" executed="8" passed="8" failed="0" error="0" timeout="0" aborted="0" inconclusive="0" passedButRunAborted="0" notRunnable="0" notExecuted="0" disconnected="0" warning="0" completed="0" inProgress="0" pending="0" />
    <Output>
      <StdOut>[xUnit.net 00:00:00.00] xUnit.net VSTest Adapter v2.4.0 (64-bit .NET 6.0.24)&#xD;
[xUnit.net 00:00:01.60]   Discovering: XtramileTest&#xD;
[xUnit.net 00:00:01.63]   Discovered:  XtramileTest&#xD;
[xUnit.net 00:00:01.63]   Starting:    XtramileTest&#xD;
[xUnit.net 00:00:42.68]   Finished:    XtramileTest&#xD;
</StdOut>
    </Output>
  </ResultSummary>
</TestRun>